// Jest Snapshot v1, https://goo.gl/fbAQLP

exports[`PokemonPage Component Debe de hacer  match en el snapshot 1`] = `
<div>
  <h1>Espere por favor...</h1>
</div>
`;

exports[`PokemonPage Component Debe de hacer  match en el snapshot cuando cargan los pokemon 1`] = `
<div>
  <div>
    <h1>¿Quién es este pokemon</h1>
    <div class="pokemon-container"><img src="https://raw.githubusercontent.com/PokeAPI/sprites/master/sprites/pokemon/other/dream-world/1.svg" class="hidden-pokemon" alt="Pokemon">
      <!--v-if-->
    </div>
    <div class="options-container">
      <ul>
        <li>bulbasaur</li>
        <li>ivysaur</li>
        <li>venusaur</li>
        <li>charmander</li>
      </ul>
    </div>
    <!--v-if-->
  </div>
</div>
`;
